// Jest Snapshot v1, https://goo.gl/fbAQLP

exports[`Header should render properly 1`] = `
.c3 {
  display: flex;
  gap: 1rem;
}

.c4 {
  width: 100%;
  min-width: 15ch;
  max-width: 30ch;
  border: 1px solid var(--select-border);
  border-radius: 0.25em;
  padding: 0.25em 0.5em;
  font-size: 1.25rem;
  cursor: pointer;
  line-height: 1.1;
  background-color: #fff;
  background-image: linear-gradient(to top, #f9f9f9, #fff 33%);
  display: grid;
  grid-template-areas: 'select';
  align-items: center;
  position: relative;
}

.c4:after {
  content: '';
  width: 0.8em;
  height: 0.5em;
  background-color: var(--select-arrow);
  clip-path: polygon(100% 0%, 0 0%, 50% 100%);
  grid-area: select;
  justify-self: end;
}

.c4:focus+.focus {
  position: absolute;
  top: -1px;
  left: -1px;
  right: -1px;
  bottom: -1px;
  border: 2px solid var(--select-focus);
  border-radius: inherit;
}

.c5 {
  padding: 0.5rem;
}

.c0 {
  display: flex;
  align-items: center;
  width: 100%;
  margin: auto;
  background-color: #008085;
}

.c1 {
  display: flex;
  align-items: center;
  justify-content: space-between;
  width: 90%;
  margin: auto;
}

.c2 {
  width: 11.5rem;
  height: auto;
}

<div>
  <header
    class="c0"
  >
    <div
      class="c1"
    >
      <img
        class="c2"
        src="/centime-logo.svg"
      />
      <div
        class="c3"
        gap="1rem"
      >
        <select
          class="c4"
          title="single-select"
        >
          <option
            class="c5"
            disabled=""
            value=""
          >
            Switch Language
          </option>
          <option
            class="c5"
            value="en"
          >
            English
          </option>
          <option
            class="c5"
            value="fr"
          >
            French
          </option>
          <option
            class="c5"
            value="fr"
          >
            Spanish
          </option>
        </select>
      </div>
    </div>
  </header>
</div>
`;
