// Jest Snapshot v1, https://goo.gl/fbAQLP

exports[`PageContent component should render properly 1`] = `
.c0 {
  overflow: auto;
  padding-top: 32px;
  width: 86%;
  margin: auto;
}

<div>
  <main
    class="c0"
  >
    Demo PageContent
  </main>
</div>
`;
