// Jest Snapshot v1, https://goo.gl/fbAQLP

exports[`Text should render properly 1`] = `
.c0 {
  margin: 0;
  color: inherit;
  font-size: 1.4rem;
  font-weight: 400;
  letter-spacing: 0rem;
  line-height: 2.2rem;
  text-align: initial;
  display: inline-block;
}

<div>
  <span
    class="c0"
    textalign="initial"
    textcolor="inherit"
  />
</div>
`;
