// Jest Snapshot v1, https://goo.gl/fbAQLP

exports[`PageLayout component should render properly 1`] = `
.c1 {
  overflow: auto;
  padding-top: 32px;
  width: 86%;
  margin: auto;
}

.c0 {
  display: grid;
  height: 100%;
  width: 100vw;
  grid-template-areas: 'header' 'main';
  grid-template-columns: 1fr;
  grid-template-rows: 4.2em auto;
  background-color: #eff2f4;
}

.c0>div {
  padding: 0;
  margin: 2rem;
}

.c0>header {
  grid-area: header;
}

.c0>main {
  grid-area: main;
  transition: width 200ms;
  padding-bottom: 35px;
}

<div>
  <div
    class="c0"
  >
    <main
      class="c1"
    >
      <p>
        dummy Text
      </p>
    </main>
  </div>
</div>
`;
