// Jest Snapshot v1, https://goo.gl/fbAQLP

exports[`Box should render properly 1`] = `
.c0 {
  display: flex;
}

<div>
  <div
    class="c0"
  />
</div>
`;
