// Jest Snapshot v1, https://goo.gl/fbAQLP

exports[`Home should render properly 1`] = `
.c1 {
  margin: 0;
  color: inherit;
  font-size: 2.4rem;
  font-weight: 400;
  letter-spacing: -0.04rem;
  line-height: 3.2rem;
  text-align: initial;
}

.c0 {
  overflow: auto;
  padding-top: 32px;
  width: 86%;
  margin: auto;
}

<div>
  <main
    class="c0"
  >
    <h3
      class="c1"
      textalign="initial"
      textcolor="inherit"
      textvariant="h3"
    >
      line3
    </h3>
  </main>
</div>
`;
