// Jest Snapshot v1, https://goo.gl/fbAQLP

exports[`Todo should render properly 1`] = `
.c7 {
  position: relative;
  display: inline-block;
  outline: none;
  cursor: pointer;
  text-align: center;
  border: unset;
  padding: 1rem 2rem;
  color: #fff;
  background: #008085;
  border-radius: 0.8rem;
  font-weight: 600;
  font-size: 1.4rem;
  line-height: 2.2rem;
  box-shadow: rgba(0, 0, 0, 0.05) 0px 1px 0px 0px,rgba(0, 0, 0, 0.2) 0px -1px 0px 0px inset;
  opacity: 1;
}

.c7:hover {
  background: #4caf50;
  box-shadow: 0 4px 8px 0 rgba(0, 0, 0, 0.2),0 6px 20px 0 rgba(0, 0, 0, 0.19);
}

.c7.loading {
  cursor: not-allowed;
  pointer-events: none;
  opacity: 0.7;
}

.c7.loading::after {
  content: '';
  position: absolute;
  width: 2rem;
  height: 2rem;
  top: 0;
  left: 0;
  right: 0;
  bottom: 0;
  margin: auto;
  border: 0.4rem solid transparent;
  border-top-color: #1565c0;
  border-right-color: #1565c0;
  border-radius: 50%;
  animation: gNWkkb 1s ease infinite;
}

.c3 {
  margin: 0;
  color: inherit;
  font-size: 2.4rem;
  font-weight: 400;
  letter-spacing: -0.04rem;
  line-height: 3.2rem;
  text-align: initial;
}

.c4 {
  margin: 0;
  color: inherit;
  font-size: 1.2rem;
  font-weight: 700;
  letter-spacing: 0.12rem;
  line-height: 2.0rem;
  text-align: initial;
}

.c0 {
  width: 100%;
  display: flex;
  justify-content: center;
}

.c1 {
  position: relative;
  width: 100%;
  width: 90%;
  border-radius: 0.5rem;
  background-color: #fff;
  box-shadow: rgba(100, 100, 111, 0.2) 0px 7px 29px 0px;
  text-align: center;
  overflow: hidden;
}

.c2 {
  padding: 2rem;
  background-color: #ccc;
  background-image: linear-gradient(135deg, #79f1a4 10%, #0e5cad 100%);
}

.c6 {
  display: block;
  padding: 1rem;
  margin: 0;
  outline: none;
  color: #495057;
  height: 2rem;
  width: 90.8%;
  border: none;
  font-size: 1.4rem;
  font-weight: 700;
  padding-right: 0.75rem;
}

.c8 {
  background: none;
  border: none;
  padding: 0;
  margin: 0;
  outline: none;
  box-shadow: none;
  background-color: transparent;
  color: #212529;
  font-size: 2rem;
}

.c8:hover {
  color: #495057;
  background-color: transparent;
  box-shadow: unset;
}

.c5 {
  position: relative;
  display: flex;
  width: 100%;
  align-items: center;
  text-align: left;
  border-bottom: 1px solid #e9e9e9;
  padding-left: 1.5rem;
  padding-right: 1rem;
}

.c9 {
  position: relative;
  padding: 2rem 1.5rem;
  height: fit-content;
  overflow: auto;
}

.c10 {
  margin-top: 2rem;
}

.c10 p {
  margin: 0;
  margin-bottom: 1rem;
}

.c10 svg {
  display: inline-block;
  width: 50px;
  opacity: 0.5;
}

<div>
  <div
    class="c0 main"
  >
    <div
      class="c1 todo"
    >
      <div
        class="c2 todo-header"
      >
        <h3
          class="c3"
          textalign="initial"
          textcolor="inherit"
          textvariant="h3"
        >
          Todo List
        </h3>
        <h5
          class="c4"
          textalign="initial"
          textcolor="inherit"
          textvariant="h5"
        >
          You have 
          <strong>
            0
          </strong>
           of
           
          <strong />
           tasks remaining
        </h5>
      </div>
      <div
        class="c5 todo-form"
      >
        <input
          class="c6"
          placeholder="Add task..."
          type="text"
        />
        <button
          class="c7 c8"
          type="button"
        >
          +
        </button>
      </div>
      <div
        class="c9 todo-body"
      >
        <div
          class="c10 empty"
        >
          <p>
            <svg
              viewBox="0 0 21 21"
              xmlns="http://www.w3.org/2000/svg"
            >
              <g
                fill="none"
                fill-rule="evenodd"
                stroke="currentColor"
                stroke-linecap="round"
                stroke-linejoin="round"
                transform="translate(2.5 4.5)"
              >
                <path
                  d="m3.65939616 0h8.68120764c.4000282 0 .7615663.23839685.9191451.6060807l2.7402511 6.3939193v4c0 1.1045695-.8954305 2-2 2h-12c-1.1045695 0-2-.8954305-2-2v-4l2.74025113-6.3939193c.15757879-.36768385.51911692-.6060807.91914503-.6060807z"
                />
                <path
                  d="m0 7h4c.55228475 0 1 .44771525 1 1v1c0 .55228475.44771525 1 1 1h4c.5522847 0 1-.44771525 1-1v-1c0-.55228475.4477153-1 1-1h4"
                />
              </g>
            </svg>
          </p>
          <p>
            <b>
              Empty list
            </b>
          </p>
          <p>
            Add a new task above
          </p>
        </div>
      </div>
    </div>
  </div>
</div>
`;
